python : 2026-05-22 22:12:43,079 - core.core.seat_evaluation.full_timeseries_ev
aluator - INFO - [1/10] ���ݼ���...
At line:1 char:5
+ & { python test_expert_eval.py > test_output.txt 2>&1; type test_outp ...
+     ~~~~~~~~~~~~~~~~~~~~~~~~~~~~~~~~~~~~~~~~~~~~~~~~~
    + CategoryInfo          : NotSpecified: (2026-05-22 22:1.../10] ���ݼ���... 
   :String) [], RemoteException
    + FullyQualifiedErrorId : NativeCommandError
 
2026-05-22 22:12:43,105 - core.core.seat_evaluation.full_timeseries_evaluator -
 INFO -   ԭʼ����: 431079�� �� 14��
2026-05-22 22:12:43,180 - core.core.seat_evaluation.full_timeseries_evaluator -
 INFO -   IMU������: 8��
2026-05-22 22:12:43,267 - core.core.seat_evaluation.full_timeseries_evaluator -
 INFO -     IMU 1 [     ʵ����(����)]       ͷ��ü��-1 ��  47897��
2026-05-22 22:12:43,341 - core.core.seat_evaluation.full_timeseries_evaluator -
 INFO -     IMU 2 [     ������(����)]       ͷ��ü��-2 ��  47897��
2026-05-22 22:12:43,423 - core.core.seat_evaluation.full_timeseries_evaluator -
 INFO -     IMU 4 [     ������(����)]       ����T8-2 ��  47898��
2026-05-22 22:12:43,502 - core.core.seat_evaluation.full_timeseries_evaluator -
 INFO -     IMU 5 [     ʵ����(����)]       ����R��-1 ��  47898��
2026-05-22 22:12:43,586 - core.core.seat_evaluation.full_timeseries_evaluator -
 INFO -     IMU 6 [     ������(����)]       ����R��-2 ��  47898��
2026-05-22 22:12:43,678 - core.core.seat_evaluation.full_timeseries_evaluator -
 INFO -     IMU 7 [     ʵ����(����)]       ���εײ�-1 ��  47898��
2026-05-22 22:12:43,762 - core.core.seat_evaluation.full_timeseries_evaluator -
 INFO -     IMU 8 [     ������(����)]       ���εײ�-2 ��  47898��
2026-05-22 22:12:43,859 - core.core.seat_evaluation.full_timeseries_evaluator -
 INFO -     IMU 9 [     ʵ����(����)]       �عǽ�ͻ-1 ��  95795��
2026-05-22 22:12:46,148 - core.core.seat_evaluation.full_timeseries_evaluator -
 INFO -   ����ʱ��: 47897��, fs��1000Hz, 47.9s
2026-05-22 22:14:48,590 - core.core.seat_evaluation.full_timeseries_evaluator -
 INFO -   Speed: [0~61] km/h
2026-05-22 22:14:48,610 - core.core.seat_evaluation.full_timeseries_evaluator -
 INFO - [2/10] �¼����...
2026-05-22 22:14:49,854 - core.core.seat_evaluation.full_timeseries_evaluator -
 INFO -   ��⵽ 16 ���¼�:
2026-05-22 22:14:49,854 - core.core.seat_evaluation.full_timeseries_evaluator -
 INFO -     ���Ϲ���: 15��
2026-05-22 22:14:49,854 - core.core.seat_evaluation.full_timeseries_evaluator -
 INFO -     �ƶ�����: 1��
2026-05-22 22:14:49,855 - core.core.seat_evaluation.full_timeseries_evaluator -
 INFO - [3/10] ȫʱ�򻬶����ڷ���...
2026-05-22 22:14:56,278 - core.core.seat_evaluation.full_timeseries_evaluator -
 INFO -   Ax˥��: mean=-86.7%, median=-67.3%, ��ֵ��=35.1%
2026-05-22 22:14:56,279 - core.core.seat_evaluation.full_timeseries_evaluator -
 INFO -   Ay˥��: mean=-0.3%, median=42.8%, ��ֵ��=74.5%
2026-05-22 22:14:56,281 - core.core.seat_evaluation.full_timeseries_evaluator -
 INFO -   Az˥��: mean=-1.6%, median=20.4%, ��ֵ��=68.1%
2026-05-22 22:14:56,283 - core.core.seat_evaluation.full_timeseries_evaluator -
 INFO - [4/10] �¼�����ϸ������...
2026-05-22 22:15:01,882 - core.core.seat_evaluation.full_timeseries_evaluator -
 INFO -   ���� 9 ���¼�����
2026-05-22 22:15:01,885 - core.core.seat_evaluation.full_timeseries_evaluator -
 INFO - [5/10] Ƶ�׷���...
2026-05-22 22:15:04,038 - core.core.seat_evaluation.full_timeseries_evaluator -
 INFO -   Ax: 0.1-0.5Hz=54.0%, 0.5-1Hz=30.3%, 1-5Hz=-183.6%, 5-20Hz=-1830.7%, 2
0-80Hz=-346.0%
2026-05-22 22:15:04,064 - core.core.seat_evaluation.full_timeseries_evaluator -
 INFO -   Ay: 0.1-0.5Hz=93.9%, 0.5-1Hz=85.8%, 1-5Hz=31.2%, 5-20Hz=-571.4%, 20-8
0Hz=-7.6%
2026-05-22 22:15:04,093 - core.core.seat_evaluation.full_timeseries_evaluator -
 INFO -   Az: 0.1-0.5Hz=82.0%, 0.5-1Hz=48.6%, 1-5Hz=15.9%, 5-20Hz=-145.2%, 20-8
0Hz=-36.4%
2026-05-22 22:15:04,095 - core.core.seat_evaluation.full_timeseries_evaluator -
 INFO - [6/10] ʱƵ���� (STFT)...
2026-05-22 22:15:06,026 - core.core.seat_evaluation.full_timeseries_evaluator -
 INFO - [7/10] ͳ��ѧ����...
2026-05-22 22:15:07,908 - core.core.seat_evaluation.full_timeseries_evaluator -
 INFO -   Ax: t=-18.59, p=1.66e-74, d=-0.29, atn=-1.5% ***
2026-05-22 22:15:07,914 - core.core.seat_evaluation.full_timeseries_evaluator -
 INFO -   Ay: t=16.56, p=5.83e-60, d=0.34, atn=57.2% ***
2026-05-22 22:15:07,921 - core.core.seat_evaluation.full_timeseries_evaluator -
 INFO -   Az: t=21.96, p=7.01e-102, d=0.49, atn=31.5% ***
2026-05-22 22:15:07,921 - core.core.seat_evaluation.full_timeseries_evaluator -
 INFO - [8/10] �ۺ�����ָ��...
2026-05-22 22:15:11,638 - core.core.seat_evaluation.full_timeseries_evaluator -
 INFO -   ���� 74 ��ָ��
2026-05-22 22:15:11,641 - core.core.seat_evaluation.full_timeseries_evaluator -
 INFO - [10/10] �������ⱨ��...
2026-05-22 22:15:11,686 - core.core.seat_evaluation.full_timeseries_evaluator -
 INFO -   ����: EVALUATION_REPORT.md, CSVs: window/event/metrics
Step 1: Data loaded OK
Step 2: Events detected: 16
Step 3: Window analysis: 94 rows
Step 4: Event analysis OK
Step 5: Spectrum analysis OK
Step 6: STFT analysis OK
Step 7: Statistical analysis OK
Step 8: Comprehensive metrics OK
Step 9: Report generated OK
ALL STEPS PASSED!
